[
  [
    "assets/demo.css",
    "/*! modern-normalize v3.0.1 | MIT License | https://github.com/sindresorhus/modern-normalize */
/*
Document
========
*/
/**
Use a better box model (opinionated).
*/
*,
::before,
::after {
  box-sizing: border-box;
}

html {
  /* Improve consistency of default fonts in all browsers. (https://github.com/sindresorhus/modern-normalize/issues/3) */
  font-family: system-ui, "Segoe UI", Roboto, Helvetica, Arial, sans-serif, "Apple Color Emoji", "Segoe UI Emoji";
  line-height: 1.15; /* 1. Correct the line height in all browsers. */
  -webkit-text-size-adjust: 100%; /* 2. Prevent adjustments of font size after orientation changes in iOS. */
  tab-size: 4; /* 3. Use a more readable tab size (opinionated). */
}

/*
Sections
========
*/
body {
  margin: 0; /* Remove the margin in all browsers. */
}

/*
Text-level semantics
====================
*/
/**
Add the correct font weight in Chrome and Safari.
*/
b,
strong {
  font-weight: bolder;
}

/**
1. Improve consistency of default fonts in all browsers. (https://github.com/sindresorhus/modern-normalize/issues/3)
2. Correct the odd 'em' font sizing in all browsers.
*/
code,
kbd,
samp,
pre {
  font-family: ui-monospace, SFMono-Regular, Consolas, "Liberation Mono", Menlo, monospace; /* 1 */
  font-size: 1em; /* 2 */
}

/**
Add the correct font size in all browsers.
*/
small {
  font-size: 80%;
}

/**
Prevent 'sub' and 'sup' elements from affecting the line height in all browsers.
*/
sub,
sup {
  font-size: 75%;
  line-height: 0;
  position: relative;
  vertical-align: baseline;
}

sub {
  bottom: -0.25em;
}

sup {
  top: -0.5em;
}

/*
Tabular data
============
*/
/**
Correct table border color inheritance in Chrome and Safari. (https://issues.chromium.org/issues/40615503, https://bugs.webkit.org/show_bug.cgi?id=195016)
*/
table {
  border-color: currentcolor;
}

/*
Forms
=====
*/
/**
1. Change the font styles in all browsers.
2. Remove the margin in Firefox and Safari.
*/
button,
input,
optgroup,
select,
textarea {
  font-family: inherit; /* 1 */
  font-size: 100%; /* 1 */
  line-height: 1.15; /* 1 */
  margin: 0; /* 2 */
}

/**
Correct the inability to style clickable types in iOS and Safari.
*/
button,
[type=button],
[type=reset],
[type=submit] {
  -webkit-appearance: button;
}

/**
Remove the padding so developers are not caught out when they zero out 'fieldset' elements in all browsers.
*/
legend {
  padding: 0;
}

/**
Add the correct vertical alignment in Chrome and Firefox.
*/
progress {
  vertical-align: baseline;
}

/**
Correct the cursor style of increment and decrement buttons in Safari.
*/
::-webkit-inner-spin-button,
::-webkit-outer-spin-button {
  height: auto;
}

/**
1. Correct the odd appearance in Chrome and Safari.
2. Correct the outline style in Safari.
*/
[type=search] {
  -webkit-appearance: textfield; /* 1 */
  outline-offset: -2px; /* 2 */
}

/**
Remove the inner padding in Chrome and Safari on macOS.
*/
::-webkit-search-decoration {
  -webkit-appearance: none;
}

/**
1. Correct the inability to style clickable types in iOS and Safari.
2. Change font properties to 'inherit' in Safari.
*/
::-webkit-file-upload-button {
  -webkit-appearance: button; /* 1 */
  font: inherit; /* 2 */
}

/*
Interactive
===========
*/
/*
Add the correct display in Chrome and Safari.
*/
summary {
  display: list-item;
}

.test {
  color: green;
}",
  ],
  [
    "assets/nested.css",
    "#main .foo{color:--var-red}",
  ],
  [
    "index.d.mts",
    "export { test } from "./test.mjs";
export { tsModule } from "./modules/ts-module.mjs";
export { jsModule } from "./modules/js-module.js";
declare const _default: "default export";
export default _default;
",
  ],
  [
    "index.mjs",
    "export{test}from"./test.mjs";export{tsModule}from"./modules/ts-module.mjs";export{jsModule}from"./modules/js-module.js";export default `default export`;",
  ],
  [
    "index.mjs.map",
    "{"version":3,"sources":["../src/index.ts"],"names":[],"mappings":"AAAA,OAAS,SAAY,aAErB,OAAS,aAAgB,0BAEzB,OAAS,aAAgB,yBACzB,eAAe","file":"index.mjs","sourcesContent":["export { test } from \"./test.mjs\"; // Explicitly import the test file with .ts extension\n\n// Module resolution test imports, using no extensions\nexport { tsModule } from \"./modules/ts-module.mjs\";\n\n// @ts-expect-error - JS test file\nexport { jsModule } from \"./modules/js-module.js\";\n\nexport default \"default export\";\n"]}",
  ],
  [
    "modules/js-module.js",
    "export function jsModule(){return`js-module`}",
  ],
  [
    "modules/js-module.js.map",
    "{"mappings":"AAAA,OAAO,SAAS,UAAW,CACzB,MAAO,WACR","names":[],"sources":["../../src/modules/js-module.js"],"sourcesContent":["export function jsModule() {\n  return \"js-module\";\n}\n"],"version":"3","file":"js-module.js"}",
  ],
  [
    "modules/mjs-module.mjs",
    "export function mjsModule(){return`mjs-module`}",
  ],
  [
    "modules/mjs-module.mjs.map",
    "{"mappings":"AAAA,OAAO,SAAS,WAAY,CAC1B,MAAO,YACR","names":[],"sources":["../../src/modules/mjs-module.mjs"],"sourcesContent":["export function mjsModule() {\n  return \"mjs-module\";\n}\n"],"version":"3","file":"mjs-module.mjs"}",
  ],
  [
    "modules/ts-module.d.mts",
    "export declare function tsModule(): string;
",
  ],
  [
    "modules/ts-module.mjs",
    "export function tsModule(){return`ts-module`}",
  ],
  [
    "modules/ts-module.mjs.map",
    "{"version":3,"sources":["../../src/modules/ts-module.ts"],"names":[],"mappings":"AAAA,OAAO,SAAS,UAAW,CAC1B,MAAO,WACP","file":"../ts-module.mjs","sourcesContent":["export function tsModule() {\n  return \"ts-module\";\n}\n"]}",
  ],
  [
    "test.d.mts",
    "export declare function test(): string;
",
  ],
  [
    "test.mjs",
    "export function test(){return`test`}",
  ],
  [
    "test.mjs.map",
    "{"version":3,"sources":["../src/test.ts"],"names":[],"mappings":"AAAA,OAAO,SAAS,MAAO,CACtB,MAAO,MACP","file":"test.mjs","sourcesContent":["export function test() {\n  return \"test\";\n}\n"]}",
  ],
]